
Configurations +++++++++++++++++++++++++
----------------------------------------
       date: 2026-03-30 15:09:37
       git_commit_hash: 2a887de018b3f2c3b132f69fe806bab12a2d511f
       save_dir: .save/PascalContext60Dataset/mlmp/
       prompt_dir: prompts.yaml
       dataset: PascalContext60Dataset
       workers: 4
       init_resize: [224, 224]
       patch_size: [224, 224]
       patch_stride: 112
       corruptions_list: ['original', 'impulse_noise', 'snow', 'frost', 'elastic_transform']
       ovss_type: naclip
       ovss_backbone: ViT-L/14
       class_extensions: True
       adapt: True
       method: mlmp
       batch_size: 1
       lr: 0.001
       steps: 10
       trials: 1
       seed: 0
       plot_loss: True
       runtime_calculation: False
       debug: False
       vision_outputs: [-1, -2, -3, -4, -5, -6, -7, -8, -9, -10, -11, -12, -13, -14, -15, -16, -17, -18]
       prompt_integration: loss
       alpha_cls: 1.0
Configurations & Command saved!
----------------------------------------
No corruption added to the pipeline
The number of extracted patches will be: 1

+++ Using class extensions
+++ The number of classes [no extension]: 60
+++ The number of classes after extension:  60
+++ The output layers from vision encoder that will be used: [-1, -2, -3, -4, -5, -6, -7, -8, -9, -10, -11, -12, -13, -14, -15, -16, -17, -18]
Number of prompt templates: 7

Model Parameters Summary +++++++++++++++++++
model.visual             : Total = 303,966,208, Learnable = 102,400
model.transformer        : Total = 85,054,464, Learnable = 0
model.ln_final           : Total = 1,536, Learnable = 0
model.token_embedding    : Total = 37,945,344, Learnable = 0
----------------------------------------
Total Parameters      : 426,967,552
Learnable Parameters  : 102,400
----------------------------------------

Optimizer Parameters by Module +++++++++++++
model.visual             : Parameters in Optimizer = 102,400
model.transformer        : Parameters in Optimizer = 0
model.ln_final           : Parameters in Optimizer = 0
model.token_embedding    : Parameters in Optimizer = 0
---------------------------------------------
Total Parameters in Optimizer : 102,400

+-------------+-------+-------+-------+
|    Class    |  IoU  |  Acc  |  Dice |
+-------------+-------+-------+-------+
|  background |  0.99 |  1.01 |  1.97 |
|  aeroplane  | 37.29 | 96.91 | 54.33 |
|     bag     | 16.36 | 61.15 | 28.12 |
|     bed     |  9.27 | 15.72 | 16.96 |
|  bedclothes | 27.64 | 54.12 |  43.3 |
|    bench    | 20.36 | 42.52 | 33.84 |
|   bicycle   | 50.25 | 87.31 | 66.89 |
|     bird    | 56.53 | 92.29 | 72.23 |
|     boat    | 32.68 | 96.16 | 49.26 |
|     book    | 21.83 | 33.08 | 35.84 |
|    bottle   |  55.3 | 86.54 | 71.21 |
|   building  | 31.38 | 41.69 | 47.77 |
|     bus     |  65.0 | 97.44 | 78.78 |
|   cabinet   |  19.6 | 32.32 | 32.78 |
|     car     | 49.31 | 90.72 | 66.05 |
|     cat     | 77.99 | 96.38 | 87.63 |
|   ceiling   | 25.61 | 38.11 | 40.77 |
|    chair    | 33.83 | 67.33 | 50.55 |
|    cloth    |  8.82 | 27.92 | 16.21 |
|   computer  |  9.03 | 77.86 | 16.56 |
|     cow     | 67.04 | 94.89 | 80.27 |
|     cup     | 11.55 | 25.31 |  20.7 |
|   curtain   | 18.83 | 69.93 | 31.69 |
|     dog     |  73.9 | 95.66 | 84.99 |
|     door    | 17.53 | 32.82 | 29.84 |
|    fence    | 23.23 | 35.36 |  37.7 |
|    floor    | 37.77 | 52.33 | 54.84 |
|    flower   | 12.82 | 45.66 | 22.72 |
|     food    |  6.53 | 91.14 | 12.26 |
|    grass    | 51.93 | 85.93 | 68.36 |
|    ground   | 10.51 | 11.15 | 19.02 |
|    horse    | 47.18 | 98.13 | 64.11 |
|   keyboard  | 45.39 | 67.21 | 62.44 |
|    light    |  7.66 | 44.57 | 14.24 |
|  motorbike  | 58.72 | 94.05 | 73.99 |
|   mountain  | 34.88 | 52.47 | 51.73 |
|    mouse    |  0.92 |  5.2  |  1.83 |
|    person   | 53.18 | 63.41 | 69.43 |
|    plate    |  4.47 | 13.96 |  8.56 |
|   platform  |  7.55 | 12.89 | 14.04 |
| pottedplant | 49.06 | 72.88 | 65.83 |
|     road    | 29.48 | 36.23 | 45.54 |
|     rock    | 37.73 | 54.89 | 54.79 |
|    sheep    | 68.23 | 94.55 | 81.12 |
|   shelves   | 10.64 | 57.77 | 19.24 |
|   sidewalk  |  9.92 | 58.02 | 18.04 |
|     sign    | 14.92 | 50.99 | 25.97 |
|     sky     | 70.12 | 74.28 | 82.44 |
|     snow    | 35.69 | 72.69 |  52.6 |
|     sofa    | 28.29 | 65.28 |  44.1 |
|    table    | 24.75 | 51.44 | 39.68 |
|    track    |  1.83 |  2.87 |  3.59 |
|    train    | 45.17 | 92.57 | 62.23 |
|     tree    |  36.1 | 41.99 | 53.05 |
|    truck    | 10.83 | 57.16 | 19.54 |
|  tvmonitor  | 37.35 | 45.81 | 54.38 |
|     wall    |  7.08 |  7.43 | 13.22 |
|    water    | 60.35 | 71.48 | 75.27 |
|    window   |  24.0 | 43.32 | 38.71 |
|     wood    |  3.95 | 66.11 |  7.6  |
+-------------+-------+-------+-------+
Results for corruption: original, trial: 0, mIoU:  30.77, mDice:  43.18, mAcc: 57.44
mIoU:  30.77,0.00
mDice: 43.18,0.00
mAcc:  57.44,0.00
+ Corruption 'impulse_noise' added to the pipeline
The number of extracted patches will be: 1

+++ Using class extensions
+++ The number of classes [no extension]: 60
+++ The number of classes after extension:  60
+++ The output layers from vision encoder that will be used: [-1, -2, -3, -4, -5, -6, -7, -8, -9, -10, -11, -12, -13, -14, -15, -16, -17, -18]
Number of prompt templates: 7

Model Parameters Summary +++++++++++++++++++
model.visual             : Total = 303,966,208, Learnable = 102,400
model.transformer        : Total = 85,054,464, Learnable = 0
model.ln_final           : Total = 1,536, Learnable = 0
model.token_embedding    : Total = 37,945,344, Learnable = 0
----------------------------------------
Total Parameters      : 426,967,552
Learnable Parameters  : 102,400
----------------------------------------

Optimizer Parameters by Module +++++++++++++
model.visual             : Parameters in Optimizer = 102,400
model.transformer        : Parameters in Optimizer = 0
model.ln_final           : Parameters in Optimizer = 0
model.token_embedding    : Parameters in Optimizer = 0
---------------------------------------------
Total Parameters in Optimizer : 102,400

+-------------+-------+-------+-------+
|    Class    |  IoU  |  Acc  |  Dice |
+-------------+-------+-------+-------+
|  background |  2.7  |  2.98 |  5.26 |
|  aeroplane  | 32.28 | 94.52 | 48.81 |
|     bag     |  7.33 | 20.91 | 13.66 |
|     bed     |  9.72 | 17.61 | 17.71 |
|  bedclothes | 16.96 | 36.15 | 29.01 |
|    bench    | 18.19 | 29.81 | 30.79 |
|   bicycle   | 41.67 |  83.3 | 58.83 |
|     bird    | 44.92 | 84.31 | 61.99 |
|     boat    | 27.09 | 91.45 | 42.63 |
|     book    | 13.76 | 18.29 | 24.19 |
|    bottle   | 49.55 | 76.55 | 66.26 |
|   building  | 25.78 | 35.23 | 40.99 |
|     bus     | 58.24 | 97.34 | 73.61 |
|   cabinet   |  6.08 |  7.94 | 11.46 |
|     car     | 47.58 | 88.64 | 64.48 |
|     cat     |  60.0 | 86.91 |  75.0 |
|   ceiling   |  17.1 | 25.61 | 29.21 |
|    chair    | 27.82 | 46.27 | 43.53 |
|    cloth    |  2.91 | 12.01 |  5.65 |
|   computer  |  4.93 | 37.12 |  9.39 |
|     cow     | 43.39 | 77.21 | 60.52 |
|     cup     |  4.74 |  8.49 |  9.06 |
|   curtain   |  9.13 | 22.45 | 16.73 |
|     dog     | 56.68 |  83.9 | 72.35 |
|     door    |  7.54 |  14.9 | 14.03 |
|    fence    | 14.56 | 22.55 | 25.42 |
|    floor    | 25.57 | 40.78 | 40.73 |
|    flower   | 10.71 | 26.67 | 19.35 |
|     food    |  4.35 | 74.53 |  8.33 |
|    grass    | 43.43 | 78.41 | 60.56 |
|    ground   |  5.86 |  6.27 | 11.06 |
|    horse    | 33.24 | 93.23 |  49.9 |
|   keyboard  | 23.95 | 26.01 | 38.64 |
|    light    |  3.89 | 20.44 |  7.48 |
|  motorbike  | 52.84 | 88.65 | 69.14 |
|   mountain  | 25.02 | 35.73 | 40.03 |
|    mouse    |  0.0  |  0.0  |  0.0  |
|    person   | 43.94 | 51.82 | 61.05 |
|    plate    |  2.45 |  4.4  |  4.77 |
|   platform  |  3.24 |  4.27 |  6.28 |
| pottedplant | 37.05 | 54.18 | 54.07 |
|     road    | 21.34 | 24.79 | 35.18 |
|     rock    | 23.08 | 29.41 |  37.5 |
|    sheep    | 48.62 | 80.76 | 65.43 |
|   shelves   | 11.13 | 32.82 | 20.04 |
|   sidewalk  |  9.27 | 36.01 | 16.96 |
|     sign    | 18.29 | 37.64 | 30.93 |
|     sky     | 63.58 | 72.43 | 77.74 |
|     snow    | 19.15 | 80.18 | 32.14 |
|     sofa    | 24.16 | 52.44 | 38.92 |
|    table    | 20.96 | 37.27 | 34.65 |
|    track    |  1.75 |  2.12 |  3.44 |
|    train    | 42.21 | 87.63 | 59.36 |
|     tree    | 27.86 | 31.93 | 43.57 |
|    truck    |  5.95 | 27.15 | 11.23 |
|  tvmonitor  | 32.27 | 46.69 |  48.8 |
|     wall    |  6.87 |  7.32 | 12.86 |
|    water    | 42.82 | 50.75 | 59.96 |
|    window   | 18.19 | 30.29 | 30.78 |
|     wood    |  2.34 | 50.97 |  4.57 |
+-------------+-------+-------+-------+
Results for corruption: impulse_noise, trial: 0, mIoU:  23.43, mDice:  34.77, mAcc: 44.11
mIoU:  23.43,0.00
mDice: 34.77,0.00
mAcc:  44.11,0.00
+ Corruption 'snow' added to the pipeline
The number of extracted patches will be: 1

+++ Using class extensions
+++ The number of classes [no extension]: 60
+++ The number of classes after extension:  60
+++ The output layers from vision encoder that will be used: [-1, -2, -3, -4, -5, -6, -7, -8, -9, -10, -11, -12, -13, -14, -15, -16, -17, -18]
Number of prompt templates: 7

Model Parameters Summary +++++++++++++++++++
model.visual             : Total = 303,966,208, Learnable = 102,400
model.transformer        : Total = 85,054,464, Learnable = 0
model.ln_final           : Total = 1,536, Learnable = 0
model.token_embedding    : Total = 37,945,344, Learnable = 0
----------------------------------------
Total Parameters      : 426,967,552
Learnable Parameters  : 102,400
----------------------------------------

Optimizer Parameters by Module +++++++++++++
model.visual             : Parameters in Optimizer = 102,400
model.transformer        : Parameters in Optimizer = 0
model.ln_final           : Parameters in Optimizer = 0
model.token_embedding    : Parameters in Optimizer = 0
---------------------------------------------
Total Parameters in Optimizer : 102,400

+-------------+-------+-------+-------+
|    Class    |  IoU  |  Acc  |  Dice |
+-------------+-------+-------+-------+
|  background |  0.55 |  0.56 |  1.1  |
|  aeroplane  | 30.77 | 92.32 | 47.06 |
|     bag     | 11.17 | 42.69 | 20.09 |
|     bed     |  6.76 |  9.01 | 12.67 |
|  bedclothes | 21.06 | 34.78 | 34.79 |
|    bench    | 19.88 |  34.1 | 33.17 |
|   bicycle   | 46.54 | 88.24 | 63.52 |
|     bird    | 47.48 | 85.45 | 64.38 |
|     boat    | 29.18 | 93.51 | 45.17 |
|     book    | 13.17 | 17.88 | 23.28 |
|    bottle   | 50.44 | 75.49 | 67.06 |
|   building  | 27.38 |  34.8 | 42.99 |
|     bus     | 59.37 | 97.17 | 74.51 |
|   cabinet   | 13.42 | 19.62 | 23.67 |
|     car     | 48.56 | 88.01 | 65.37 |
|     cat     | 66.04 | 89.49 | 79.55 |
|   ceiling   | 14.86 | 20.34 | 25.88 |
|    chair    | 29.16 | 58.15 | 45.15 |
|    cloth    |  4.61 |  9.72 |  8.82 |
|   computer  |  7.69 | 61.22 | 14.28 |
|     cow     | 56.64 | 89.77 | 72.32 |
|     cup     |  6.91 | 13.77 | 12.92 |
|   curtain   | 10.59 |  22.1 | 19.14 |
|     dog     | 62.33 | 88.09 | 76.79 |
|     door    |  7.43 | 10.95 | 13.83 |
|    fence    | 18.34 | 27.39 |  31.0 |
|    floor    | 20.88 | 25.79 | 34.55 |
|    flower   | 11.62 |  35.1 | 20.82 |
|     food    |  4.84 | 89.66 |  9.23 |
|    grass    | 46.92 |  71.5 | 63.87 |
|    ground   |  2.75 |  2.83 |  5.34 |
|    horse    | 39.33 | 95.74 | 56.46 |
|   keyboard  | 31.63 | 37.13 | 48.06 |
|    light    |  2.36 | 24.53 |  4.61 |
|  motorbike  | 55.03 | 93.96 | 70.99 |
|   mountain  | 21.98 | 32.22 | 36.04 |
|    mouse    |  0.18 |  1.65 |  0.36 |
|    person   | 45.45 | 54.52 | 62.49 |
|    plate    |  1.02 |  1.62 |  2.03 |
|   platform  |  3.28 |  4.85 |  6.35 |
| pottedplant | 47.86 |  67.1 | 64.74 |
|     road    | 19.67 | 23.22 | 32.88 |
|     rock    | 29.49 | 40.85 | 45.55 |
|    sheep    | 46.32 | 89.98 | 63.32 |
|   shelves   |  8.48 | 47.58 | 15.64 |
|   sidewalk  |  9.53 | 35.79 | 17.39 |
|     sign    | 13.35 | 38.63 | 23.56 |
|     sky     | 41.49 | 43.36 | 58.64 |
|     snow    |  2.66 | 75.32 |  5.19 |
|     sofa    | 28.54 | 54.03 | 44.41 |
|    table    | 21.43 | 41.65 |  35.3 |
|    track    |  0.68 |  1.0  |  1.35 |
|    train    | 41.53 | 90.53 | 58.68 |
|     tree    | 31.18 | 36.31 | 47.53 |
|    truck    | 12.63 | 51.42 | 22.42 |
|  tvmonitor  | 29.16 | 33.49 | 45.16 |
|     wall    |  2.16 |  2.24 |  4.23 |
|    water    |  43.2 |  53.1 | 60.34 |
|    window   | 18.98 | 30.19 |  31.9 |
|     wood    |  3.77 | 54.98 |  7.26 |
+-------------+-------+-------+-------+
Results for corruption: snow, trial: 0, mIoU:  24.16, mDice:  35.42, mAcc: 46.44
mIoU:  24.16,0.00
mDice: 35.42,0.00
mAcc:  46.44,0.00
+ Corruption 'frost' added to the pipeline
The number of extracted patches will be: 1

+++ Using class extensions
+++ The number of classes [no extension]: 60
+++ The number of classes after extension:  60
+++ The output layers from vision encoder that will be used: [-1, -2, -3, -4, -5, -6, -7, -8, -9, -10, -11, -12, -13, -14, -15, -16, -17, -18]
Number of prompt templates: 7

Model Parameters Summary +++++++++++++++++++
model.visual             : Total = 303,966,208, Learnable = 102,400
model.transformer        : Total = 85,054,464, Learnable = 0
model.ln_final           : Total = 1,536, Learnable = 0
model.token_embedding    : Total = 37,945,344, Learnable = 0
----------------------------------------
Total Parameters      : 426,967,552
Learnable Parameters  : 102,400
----------------------------------------

Optimizer Parameters by Module +++++++++++++
model.visual             : Parameters in Optimizer = 102,400
model.transformer        : Parameters in Optimizer = 0
model.ln_final           : Parameters in Optimizer = 0
model.token_embedding    : Parameters in Optimizer = 0
---------------------------------------------
Total Parameters in Optimizer : 102,400

+-------------+-------+-------+-------+
|    Class    |  IoU  |  Acc  |  Dice |
+-------------+-------+-------+-------+
|  background |  2.57 |  2.81 |  5.02 |
|  aeroplane  | 38.34 | 85.59 | 55.42 |
|     bag     | 11.88 |  41.9 | 21.24 |
|     bed     |  3.0  |  3.43 |  5.83 |
|  bedclothes | 17.52 | 40.99 | 29.81 |
|    bench    | 13.82 |  19.9 | 24.29 |
|   bicycle   |  48.4 | 83.49 | 65.23 |
|     bird    | 52.33 | 80.96 | 68.71 |
|     boat    | 35.26 | 87.46 | 52.14 |
|     book    | 17.07 | 21.82 | 29.17 |
|    bottle   | 52.12 | 75.27 | 68.52 |
|   building  | 25.53 | 28.95 | 40.68 |
|     bus     | 64.01 | 95.28 | 78.05 |
|   cabinet   | 10.04 | 13.96 | 18.26 |
|     car     | 53.69 | 83.82 | 69.87 |
|     cat     | 65.25 | 84.31 | 78.97 |
|   ceiling   | 12.32 | 17.81 | 21.94 |
|    chair    | 30.48 | 47.42 | 46.72 |
|    cloth    |  4.79 |  19.0 |  9.15 |
|   computer  |  7.05 | 52.43 | 13.17 |
|     cow     | 62.75 | 86.34 | 77.12 |
|     cup     |  6.15 | 10.24 | 11.59 |
|   curtain   |  3.89 | 51.08 |  7.49 |
|     dog     | 61.06 | 80.58 | 75.82 |
|     door    |  6.5  |  8.31 | 12.21 |
|    fence    | 17.54 | 25.48 | 29.84 |
|    floor    | 21.56 |  30.9 | 35.47 |
|    flower   | 11.67 | 33.43 | 20.89 |
|     food    |  6.54 | 89.18 | 12.27 |
|    grass    | 42.82 | 83.75 | 59.96 |
|    ground   |  4.7  |  4.9  |  8.98 |
|    horse    | 43.53 | 92.61 | 60.65 |
|   keyboard  | 29.31 | 33.21 | 45.33 |
|    light    |  5.23 | 21.19 |  9.94 |
|  motorbike  | 56.86 | 90.42 |  72.5 |
|   mountain  | 21.56 |  32.0 | 35.48 |
|    mouse    |  1.27 |  5.35 |  2.51 |
|    person   | 43.06 | 47.78 |  60.2 |
|    plate    |  4.97 |  8.22 |  9.46 |
|   platform  |  3.89 |  4.89 |  7.49 |
| pottedplant | 41.87 | 61.43 | 59.03 |
|     road    | 13.03 | 14.52 | 23.06 |
|     rock    | 23.95 | 38.05 | 38.64 |
|    sheep    |  53.0 | 86.12 | 69.28 |
|   shelves   | 10.59 | 34.45 | 19.16 |
|   sidewalk  |  9.38 | 22.94 | 17.16 |
|     sign    | 16.41 | 37.99 | 28.19 |
|     sky     | 28.37 | 30.36 |  44.2 |
|     snow    |  3.49 | 79.93 |  6.74 |
|     sofa    | 27.44 |  50.8 | 43.06 |
|    table    | 23.96 | 40.62 | 38.66 |
|    track    |  1.69 |  2.27 |  3.32 |
|    train    | 44.36 | 87.96 | 61.46 |
|     tree    | 33.56 | 40.61 | 50.25 |
|    truck    |  9.86 | 50.44 | 17.96 |
|  tvmonitor  | 22.37 | 25.57 | 36.56 |
|     wall    |  3.37 |  3.52 |  6.51 |
|    water    | 32.68 | 44.98 | 49.26 |
|    window   |  6.61 | 31.41 | 12.39 |
|     wood    |  3.54 | 45.41 |  6.83 |
+-------------+-------+-------+-------+
Results for corruption: frost, trial: 0, mIoU:  23.83, mDice:  34.82, mAcc: 44.26
mIoU:  23.83,0.00
mDice: 34.82,0.00
mAcc:  44.26,0.00
+ Corruption 'elastic_transform' added to the pipeline
The number of extracted patches will be: 1

+++ Using class extensions
+++ The number of classes [no extension]: 60
+++ The number of classes after extension:  60
+++ The output layers from vision encoder that will be used: [-1, -2, -3, -4, -5, -6, -7, -8, -9, -10, -11, -12, -13, -14, -15, -16, -17, -18]
Number of prompt templates: 7

Model Parameters Summary +++++++++++++++++++
model.visual             : Total = 303,966,208, Learnable = 102,400
model.transformer        : Total = 85,054,464, Learnable = 0
model.ln_final           : Total = 1,536, Learnable = 0
model.token_embedding    : Total = 37,945,344, Learnable = 0
----------------------------------------
Total Parameters      : 426,967,552
Learnable Parameters  : 102,400
----------------------------------------

Optimizer Parameters by Module +++++++++++++
model.visual             : Parameters in Optimizer = 102,400
model.transformer        : Parameters in Optimizer = 0
model.ln_final           : Parameters in Optimizer = 0
model.token_embedding    : Parameters in Optimizer = 0
---------------------------------------------
Total Parameters in Optimizer : 102,400

+-------------+-------+-------+-------+
|    Class    |  IoU  |  Acc  |  Dice |
+-------------+-------+-------+-------+
|  background |  2.69 |  2.91 |  5.25 |
|  aeroplane  | 35.86 | 86.81 | 52.79 |
|     bag     | 15.71 | 39.23 | 27.16 |
|     bed     |  5.84 |  9.09 | 11.03 |
|  bedclothes | 25.31 | 65.89 | 40.39 |
|    bench    | 11.01 | 14.97 | 19.84 |
|   bicycle   | 40.91 | 69.49 | 58.06 |
|     bird    | 58.61 | 86.56 | 73.91 |
|     boat    | 34.92 | 81.32 | 51.77 |
|     book    |  3.56 |  4.25 |  6.88 |
|    bottle   | 52.45 | 75.98 | 68.81 |
|   building  | 23.35 | 26.45 | 37.86 |
|     bus     | 66.97 | 96.44 | 80.22 |
|   cabinet   | 10.29 | 16.35 | 18.66 |
|     car     | 51.39 | 84.32 | 67.89 |
|     cat     | 76.03 |  93.0 | 86.39 |
|   ceiling   | 22.97 | 50.78 | 37.36 |
|    chair    | 27.41 | 43.53 | 43.03 |
|    cloth    |  6.91 | 26.61 | 12.92 |
|   computer  |  4.91 | 26.83 |  9.36 |
|     cow     |  61.6 | 95.12 | 76.24 |
|     cup     |  4.65 |  9.84 |  8.88 |
|   curtain   | 10.28 | 64.49 | 18.64 |
|     dog     | 70.27 | 93.76 | 82.54 |
|     door    | 11.23 | 17.02 | 20.19 |
|    fence    | 19.81 | 28.95 | 33.07 |
|    floor    | 35.21 | 54.05 | 52.08 |
|    flower   | 13.61 | 42.24 | 23.96 |
|     food    |  7.37 | 83.78 | 13.73 |
|    grass    | 49.24 | 85.95 | 65.99 |
|    ground   |  9.08 |  9.57 | 16.65 |
|    horse    | 43.44 | 93.49 | 60.57 |
|   keyboard  | 32.51 |  37.2 | 49.07 |
|    light    |  5.43 | 29.59 |  10.3 |
|  motorbike  | 50.83 | 86.67 |  67.4 |
|   mountain  | 31.81 | 55.27 | 48.26 |
|    mouse    |  0.03 |  0.17 |  0.07 |
|    person   |  51.9 | 61.96 | 68.33 |
|    plate    |  6.96 | 23.52 | 13.02 |
|   platform  |  0.48 |  0.51 |  0.95 |
| pottedplant | 47.25 | 71.76 | 64.17 |
|     road    | 26.55 | 30.41 | 41.96 |
|     rock    | 28.46 | 51.07 | 44.31 |
|    sheep    | 59.52 | 91.69 | 74.62 |
|   shelves   |  9.35 | 40.94 | 17.09 |
|   sidewalk  | 12.61 |  48.5 | 22.39 |
|     sign    | 14.67 |  39.7 | 25.58 |
|     sky     | 64.51 | 73.71 | 78.42 |
|     snow    | 28.44 |  73.6 | 44.28 |
|     sofa    |  27.6 | 62.08 | 43.26 |
|    table    | 22.36 |  46.6 | 36.55 |
|    track    |  3.04 |  3.91 |  5.9  |
|    train    | 47.85 | 85.63 | 64.72 |
|     tree    | 38.32 | 46.47 | 55.41 |
|    truck    |  8.2  |  34.3 | 15.16 |
|  tvmonitor  | 23.37 | 26.74 | 37.89 |
|     wall    | 13.53 | 15.02 | 23.84 |
|    water    | 37.45 | 75.61 | 54.49 |
|    window   | 14.74 | 39.78 | 25.69 |
|     wood    |  4.14 | 53.29 |  7.95 |
+-------------+-------+-------+-------+
Results for corruption: elastic_transform, trial: 0, mIoU:  27.08, mDice:  38.72, mAcc: 49.75
mIoU:  27.08,0.00
mDice: 38.72,0.00
mAcc:  49.75,0.00
