
Configurations +++++++++++++++++++++++++
----------------------------------------
       date: 2026-03-30 14:28:30
       git_commit_hash: 2a887de018b3f2c3b132f69fe806bab12a2d511f
       prompt_dir: prompts.yaml
       dataset: PascalVOC20Dataset
       workers: 4
       init_resize: [224, 224]
       patch_size: [224, 224]
       patch_stride: 112
       corruptions_list: ['original', 'impulse_noise', 'snow', 'frost', 'elastic_transform']
       ovss_type: naclip
       ovss_backbone: ViT-L/14
       class_extensions: True
       adapt: True
       method: mlmp
       batch_size: 1
       lr: 0.001
       steps: 10
       trials: 1
       seed: 0
       plot_loss: True
       runtime_calculation: False
       debug: False
       vision_outputs: [-1, -2, -3, -4, -5, -6, -7, -8, -9, -10, -11, -12, -13, -14, -15, -16, -17, -18]
       prompt_integration: loss
       alpha_cls: 1.0
Configurations & Command saved!
----------------------------------------
No corruption added to the pipeline
The number of extracted patches will be: 1

+++ Using class extensions
+++ The number of classes [no extension]: 20
+++ The number of classes after extension:  30
+++ The output layers from vision encoder that will be used: [-1, -2, -3, -4, -5, -6, -7, -8, -9, -10, -11, -12, -13, -14, -15, -16, -17, -18]
Number of prompt templates: 7

Model Parameters Summary +++++++++++++++++++
model.visual             : Total = 303,966,208, Learnable = 102,400
model.transformer        : Total = 85,054,464, Learnable = 0
model.ln_final           : Total = 1,536, Learnable = 0
model.token_embedding    : Total = 37,945,344, Learnable = 0
----------------------------------------
Total Parameters      : 426,967,552
Learnable Parameters  : 102,400
----------------------------------------

Optimizer Parameters by Module +++++++++++++
model.visual             : Parameters in Optimizer = 102,400
model.transformer        : Parameters in Optimizer = 0
model.ln_final           : Parameters in Optimizer = 0
model.token_embedding    : Parameters in Optimizer = 0
---------------------------------------------
Total Parameters in Optimizer : 102,400

+-------------+-------+-------+-------+
|    Class    |  IoU  |  Acc  |  Dice |
+-------------+-------+-------+-------+
|  aeroplane  |  95.5 | 99.26 |  97.7 |
|   bicycle   | 76.82 |  94.6 | 86.89 |
|     bird    | 94.73 | 99.44 | 97.29 |
|     boat    | 94.37 | 98.51 |  97.1 |
|    bottle   | 87.41 | 93.21 | 93.28 |
|     bus     | 96.84 | 98.97 | 98.39 |
|     car     | 89.56 | 98.76 | 94.49 |
|     cat     | 97.99 | 98.53 | 98.99 |
|    chair    | 57.75 | 65.68 | 73.22 |
|     cow     | 96.21 | 98.08 | 98.07 |
| diningtable | 74.86 | 89.84 | 85.63 |
|     dog     | 95.14 | 96.61 | 97.51 |
|    horse    | 92.84 |  99.6 | 96.29 |
|  motorbike  | 79.98 | 89.82 | 88.88 |
|    person   | 86.72 | 89.63 | 92.89 |
| pottedplant | 87.46 | 93.59 | 93.31 |
|    sheep    | 94.71 | 99.62 | 97.28 |
|     sofa    | 80.87 | 92.56 | 89.43 |
|    train    |  97.5 |  98.8 | 98.73 |
|  tvmonitor  | 81.73 | 87.55 | 89.95 |
+-------------+-------+-------+-------+
Results for corruption: original, trial: 0, mIoU:  87.95, mDice:  93.27, mAcc: 94.13
mIoU:  87.95,0.00
mDice: 93.27,0.00
mAcc:  94.13,0.00
+ Corruption 'impulse_noise' added to the pipeline
The number of extracted patches will be: 1

+++ Using class extensions
+++ The number of classes [no extension]: 20
+++ The number of classes after extension:  30
+++ The output layers from vision encoder that will be used: [-1, -2, -3, -4, -5, -6, -7, -8, -9, -10, -11, -12, -13, -14, -15, -16, -17, -18]
Number of prompt templates: 7

Model Parameters Summary +++++++++++++++++++
model.visual             : Total = 303,966,208, Learnable = 102,400
model.transformer        : Total = 85,054,464, Learnable = 0
model.ln_final           : Total = 1,536, Learnable = 0
model.token_embedding    : Total = 37,945,344, Learnable = 0
----------------------------------------
Total Parameters      : 426,967,552
Learnable Parameters  : 102,400
----------------------------------------

Optimizer Parameters by Module +++++++++++++
model.visual             : Parameters in Optimizer = 102,400
model.transformer        : Parameters in Optimizer = 0
model.ln_final           : Parameters in Optimizer = 0
model.token_embedding    : Parameters in Optimizer = 0
---------------------------------------------
Total Parameters in Optimizer : 102,400

+-------------+-------+-------+-------+
|    Class    |  IoU  |  Acc  |  Dice |
+-------------+-------+-------+-------+
|  aeroplane  | 92.45 | 96.36 | 96.08 |
|   bicycle   | 66.98 | 88.41 | 80.22 |
|     bird    | 79.21 | 97.38 |  88.4 |
|     boat    | 82.63 | 94.94 | 90.49 |
|    bottle   | 89.38 | 93.08 | 94.39 |
|     bus     | 93.96 | 98.44 | 96.88 |
|     car     | 87.08 | 94.44 | 93.09 |
|     cat     | 83.33 | 94.75 | 90.91 |
|    chair    | 37.41 | 44.92 | 54.45 |
|     cow     | 79.77 | 84.64 | 88.75 |
| diningtable | 63.42 | 84.11 | 77.61 |
|     dog     | 71.38 | 80.32 |  83.3 |
|    horse    | 77.22 | 94.79 | 87.15 |
|  motorbike  | 79.34 | 92.97 | 88.48 |
|    person   | 72.91 | 79.01 | 84.33 |
| pottedplant | 77.35 | 79.64 | 87.23 |
|    sheep    | 74.72 |  87.6 | 85.53 |
|     sofa    | 50.14 |  62.6 | 66.79 |
|    train    | 96.59 | 97.51 | 98.26 |
|  tvmonitor  |  54.2 | 92.02 |  70.3 |
+-------------+-------+-------+-------+
Results for corruption: impulse_noise, trial: 0, mIoU:  75.47, mDice:  85.13, mAcc: 86.9
mIoU:  75.47,0.00
mDice: 85.13,0.00
mAcc:  86.90,0.00
+ Corruption 'snow' added to the pipeline
The number of extracted patches will be: 1

+++ Using class extensions
+++ The number of classes [no extension]: 20
+++ The number of classes after extension:  30
+++ The output layers from vision encoder that will be used: [-1, -2, -3, -4, -5, -6, -7, -8, -9, -10, -11, -12, -13, -14, -15, -16, -17, -18]
Number of prompt templates: 7

Model Parameters Summary +++++++++++++++++++
model.visual             : Total = 303,966,208, Learnable = 102,400
model.transformer        : Total = 85,054,464, Learnable = 0
model.ln_final           : Total = 1,536, Learnable = 0
model.token_embedding    : Total = 37,945,344, Learnable = 0
----------------------------------------
Total Parameters      : 426,967,552
Learnable Parameters  : 102,400
----------------------------------------

Optimizer Parameters by Module +++++++++++++
model.visual             : Parameters in Optimizer = 102,400
model.transformer        : Parameters in Optimizer = 0
model.ln_final           : Parameters in Optimizer = 0
model.token_embedding    : Parameters in Optimizer = 0
---------------------------------------------
Total Parameters in Optimizer : 102,400

+-------------+-------+-------+-------+
|    Class    |  IoU  |  Acc  |  Dice |
+-------------+-------+-------+-------+
|  aeroplane  | 94.72 | 98.98 | 97.29 |
|   bicycle   | 73.45 | 93.77 | 84.69 |
|     bird    | 93.31 | 99.42 | 96.54 |
|     boat    | 90.18 | 97.19 | 94.83 |
|    bottle   | 89.42 |  92.7 | 94.42 |
|     bus     | 96.14 | 99.11 | 98.03 |
|     car     | 89.57 | 97.34 |  94.5 |
|     cat     | 92.26 | 95.31 | 95.97 |
|    chair    | 46.74 | 58.75 |  63.7 |
|     cow     | 91.82 | 95.28 | 95.74 |
| diningtable | 66.99 | 90.83 | 80.23 |
|     dog     | 86.47 | 91.97 | 92.74 |
|    horse    | 85.85 | 99.42 | 92.39 |
|  motorbike  | 79.56 | 93.97 | 88.62 |
|    person   | 77.88 | 82.22 | 87.57 |
| pottedplant | 81.78 | 90.87 | 89.98 |
|    sheep    | 90.44 | 99.13 | 94.98 |
|     sofa    | 66.83 | 78.46 | 80.11 |
|    train    | 95.25 | 98.31 | 97.57 |
|  tvmonitor  | 69.75 | 78.73 | 82.18 |
+-------------+-------+-------+-------+
Results for corruption: snow, trial: 0, mIoU:  82.92, mDice:  90.1, mAcc: 91.59
mIoU:  82.92,0.00
mDice: 90.10,0.00
mAcc:  91.59,0.00
+ Corruption 'frost' added to the pipeline
The number of extracted patches will be: 1

+++ Using class extensions
+++ The number of classes [no extension]: 20
+++ The number of classes after extension:  30
+++ The output layers from vision encoder that will be used: [-1, -2, -3, -4, -5, -6, -7, -8, -9, -10, -11, -12, -13, -14, -15, -16, -17, -18]
Number of prompt templates: 7

Model Parameters Summary +++++++++++++++++++
model.visual             : Total = 303,966,208, Learnable = 102,400
model.transformer        : Total = 85,054,464, Learnable = 0
model.ln_final           : Total = 1,536, Learnable = 0
model.token_embedding    : Total = 37,945,344, Learnable = 0
----------------------------------------
Total Parameters      : 426,967,552
Learnable Parameters  : 102,400
----------------------------------------

Optimizer Parameters by Module +++++++++++++
model.visual             : Parameters in Optimizer = 102,400
model.transformer        : Parameters in Optimizer = 0
model.ln_final           : Parameters in Optimizer = 0
model.token_embedding    : Parameters in Optimizer = 0
---------------------------------------------
Total Parameters in Optimizer : 102,400

+-------------+-------+-------+-------+
|    Class    |  IoU  |  Acc  |  Dice |
+-------------+-------+-------+-------+
|  aeroplane  | 97.37 | 98.67 | 98.67 |
|   bicycle   | 72.79 |  93.1 | 84.25 |
|     bird    | 78.52 |  97.8 | 87.97 |
|     boat    | 93.05 |  97.2 |  96.4 |
|    bottle   | 80.85 | 85.71 | 89.41 |
|     bus     | 92.58 | 98.36 | 96.15 |
|     car     | 90.79 | 96.14 | 95.17 |
|     cat     | 90.26 | 92.51 | 94.88 |
|    chair    | 41.71 | 49.14 | 58.86 |
|     cow     | 89.62 | 93.01 | 94.53 |
| diningtable | 64.54 | 80.77 | 78.45 |
|     dog     | 81.15 | 86.65 | 89.59 |
|    horse    | 84.52 | 95.14 | 91.61 |
|  motorbike  | 82.58 | 94.06 | 90.46 |
|    person   | 76.93 | 82.29 | 86.96 |
| pottedplant | 80.54 | 91.06 | 89.22 |
|    sheep    | 76.41 |  94.9 | 86.63 |
|     sofa    | 61.58 | 79.12 | 76.22 |
|    train    |  93.4 | 94.68 | 96.59 |
|  tvmonitor  | 49.54 | 84.43 | 66.26 |
+-------------+-------+-------+-------+
Results for corruption: frost, trial: 0, mIoU:  78.94, mDice:  87.41, mAcc: 89.24
mIoU:  78.94,0.00
mDice: 87.41,0.00
mAcc:  89.24,0.00
+ Corruption 'elastic_transform' added to the pipeline
The number of extracted patches will be: 1

+++ Using class extensions
+++ The number of classes [no extension]: 20
+++ The number of classes after extension:  30
+++ The output layers from vision encoder that will be used: [-1, -2, -3, -4, -5, -6, -7, -8, -9, -10, -11, -12, -13, -14, -15, -16, -17, -18]
Number of prompt templates: 7

Model Parameters Summary +++++++++++++++++++
model.visual             : Total = 303,966,208, Learnable = 102,400
model.transformer        : Total = 85,054,464, Learnable = 0
model.ln_final           : Total = 1,536, Learnable = 0
model.token_embedding    : Total = 37,945,344, Learnable = 0
----------------------------------------
Total Parameters      : 426,967,552
Learnable Parameters  : 102,400
----------------------------------------

Optimizer Parameters by Module +++++++++++++
model.visual             : Parameters in Optimizer = 102,400
model.transformer        : Parameters in Optimizer = 0
model.ln_final           : Parameters in Optimizer = 0
model.token_embedding    : Parameters in Optimizer = 0
---------------------------------------------
Total Parameters in Optimizer : 102,400

+-------------+-------+-------+-------+
|    Class    |  IoU  |  Acc  |  Dice |
+-------------+-------+-------+-------+
|  aeroplane  | 91.15 | 95.65 | 95.37 |
|   bicycle   |  65.3 | 82.24 | 79.01 |
|     bird    | 92.72 | 98.88 | 96.22 |
|     boat    | 75.64 |  76.9 | 86.13 |
|    bottle   | 85.86 | 90.86 | 92.39 |
|     bus     | 90.13 | 95.81 | 94.81 |
|     car     | 90.06 | 95.97 | 94.77 |
|     cat     |  95.4 | 96.59 | 97.65 |
|    chair    |  40.4 | 43.77 | 57.55 |
|     cow     | 90.73 | 97.78 | 95.14 |
| diningtable | 64.98 | 83.63 | 78.77 |
|     dog     | 91.32 | 95.07 | 95.46 |
|    horse    | 79.88 | 90.72 | 88.81 |
|  motorbike  | 70.68 | 80.05 | 82.82 |
|    person   | 82.78 | 87.26 | 90.58 |
| pottedplant | 75.94 | 93.92 | 86.32 |
|    sheep    | 91.74 | 99.11 | 95.69 |
|     sofa    | 70.56 | 92.23 | 82.74 |
|    train    | 87.94 | 88.48 | 93.58 |
|  tvmonitor  | 48.45 |  83.3 | 65.27 |
+-------------+-------+-------+-------+
Results for corruption: elastic_transform, trial: 0, mIoU:  79.08, mDice:  87.46, mAcc: 88.41
mIoU:  79.08,0.00
mDice: 87.46,0.00
mAcc:  88.41,0.00
